// Jest Snapshot v1, https://goo.gl/fbAQLP

exports[`<NowPlaying/> should render correctly 1`] = `
Object {
  "asFragment": [Function],
  "baseElement": <body>
    <div>
      <div
        class="sc-AxirZ gatXeD"
      >
        <div
          class="sc-AxjAm cIJhUp"
        >
          <div
            class="lazy-image"
          />
          <img
            class="image"
            data-src="https://image.tmdb.org/t/p/w500/ylQRi3edixhzUiubw7LQP1YhI6W.jpg"
          />
        </div>
        <div>
          <h3
            data-testid="title"
          >
            테넷
          </h3>
          <span>
            2020-08-22
          </span>
        </div>
      </div>
    </div>
  </body>,
  "container": <div>
    <div
      class="sc-AxirZ gatXeD"
    >
      <div
        class="sc-AxjAm cIJhUp"
      >
        <div
          class="lazy-image"
        />
        <img
          class="image"
          data-src="https://image.tmdb.org/t/p/w500/ylQRi3edixhzUiubw7LQP1YhI6W.jpg"
        />
      </div>
      <div>
        <h3
          data-testid="title"
        >
          테넷
        </h3>
        <span>
          2020-08-22
        </span>
      </div>
    </div>
  </div>,
  "debug": [Function],
  "findAllByAltText": [Function],
  "findAllByDisplayValue": [Function],
  "findAllByLabelText": [Function],
  "findAllByPlaceholderText": [Function],
  "findAllByRole": [Function],
  "findAllByTestId": [Function],
  "findAllByText": [Function],
  "findAllByTitle": [Function],
  "findByAltText": [Function],
  "findByDisplayValue": [Function],
  "findByLabelText": [Function],
  "findByPlaceholderText": [Function],
  "findByRole": [Function],
  "findByTestId": [Function],
  "findByText": [Function],
  "findByTitle": [Function],
  "getAllByAltText": [Function],
  "getAllByDisplayValue": [Function],
  "getAllByLabelText": [Function],
  "getAllByPlaceholderText": [Function],
  "getAllByRole": [Function],
  "getAllByTestId": [Function],
  "getAllByText": [Function],
  "getAllByTitle": [Function],
  "getByAltText": [Function],
  "getByDisplayValue": [Function],
  "getByLabelText": [Function],
  "getByPlaceholderText": [Function],
  "getByRole": [Function],
  "getByTestId": [Function],
  "getByText": [Function],
  "getByTitle": [Function],
  "queryAllByAltText": [Function],
  "queryAllByDisplayValue": [Function],
  "queryAllByLabelText": [Function],
  "queryAllByPlaceholderText": [Function],
  "queryAllByRole": [Function],
  "queryAllByTestId": [Function],
  "queryAllByText": [Function],
  "queryAllByTitle": [Function],
  "queryByAltText": [Function],
  "queryByDisplayValue": [Function],
  "queryByLabelText": [Function],
  "queryByPlaceholderText": [Function],
  "queryByRole": [Function],
  "queryByTestId": [Function],
  "queryByText": [Function],
  "queryByTitle": [Function],
  "rerender": [Function],
  "unmount": [Function],
}
`;
